// Jest Snapshot v1, https://goo.gl/fbAQLP

exports[`Es hora de las instantaneas Snapshot 1`] = `
Object {
  "gender": "gender",
  "id": 1,
  "name": "Rick Sanchez",
  "species": "species",
  "status": "human",
}
`;
